V3 4
FL //homes/pcateixeira/Downloads/trabSD/trabSD.vhd 2019/12/18.16:28:32 P.20131013
FL D:/Documentos/GitHub/trabSD/vhdl/trabSD.vhd 2019/12/18.16:28:32 P.20131013
EN work/trabSD 1576727127 FL D:/Documentos/GitHub/trabSD/vhdl/trabSD.vhd \
      PB ieee/std_logic_1164 1381692176 PB ieee/NUMERIC_STD 1381692181
AR work/trabSD/Behavioral 1576727128 \
      FL D:/Documentos/GitHub/trabSD/vhdl/trabSD.vhd EN work/trabSD 1576727127
